C:\Program Files\TortoiseSVN\bin\TortoiseMerge.exe "RECEIVED" "APPROVED"