C:\Program Files (x86)\WinMerge\WinMergeU.exe "RECEIVED" "APPROVED"