C:\Program Files\Devart\Code Compare\CodeCompare.exe /ENVIRONMENT=standalone "RECEIVED" "APPROVED"