C:\Program Files\TortoiseHg\kdiff3.exe "RECEIVED" "APPROVED"