C:\Program Files\Perforce\p4merge.exe "APPROVED" "RECEIVED" "APPROVED" "APPROVED"