$VAR1 = {
          'fname' => 'Fred',
          'lname' => 'Flintrock',
          'ssn' => 'ABC123'
        };
